Base config: BaseConfig(epochs=20, num_workers=16, debug=False, data_filename='data/reports/reports_sampled_300_study_ids.csv', root='.', target_label='Report', datapoint_loc_label='FileName', frames=16, stride=2, multi_video=True, num_videos=4, groupby_column='StudyInstanceUID', shuffle_videos=True, model_name='mvit', pretrained=True, output_dir='outputs', seed=42, use_amp=True, device='cuda', period=1, recall_k=[1, 5, 10], ndcg_k=[5], rand_augment=True, resize=224, apply_mask=False, view_count=None, save_best='loss', resume_training=False, checkpoint='outputs/deepCORO_CLIP/DeepCORO_Clip_Sweep_Learnable_Temp_Full_mvit_b12_f16_RAdam_lr0.0001_20250114-190320_2o5xoevj/checkpoints/latest.pt')
Sweep config: SweepConfig(batch_size=10, lr=0.0001, optimizer='RAdam', scheduler_type='step', lr_step_period=15, factor=0.3, weight_decay=1e-06, loss_name='contrastive', temperature=0.07, dropout=0.2, video_freeze_ratio=0.8, text_freeze_ratio=0.95, num_heads=2, aggregator_depth=2, tag='mvit_pretrained', name='dev_deep_coro_clip', project='dev_deep_coro_clip', entity='mhi_ai')
HeartWise config: HeartWiseConfig(lr=0.0001, batch_size=10, epochs=20, num_workers=16, debug=False, temperature=0.07, data_filename='data/reports/reports_sampled_300_study_ids.csv', root='.', target_label='Report', datapoint_loc_label='FileName', frames=16, stride=2, multi_video=True, num_videos=4, groupby_column='StudyInstanceUID', shuffle_videos=True, model_name='mvit', pretrained=True, video_freeze_ratio=0.8, text_freeze_ratio=0.95, dropout=0.2, num_heads=2, aggregator_depth=2, optimizer='RAdam', scheduler_type='step', lr_step_period=15, factor=0.3, weight_decay=1e-06, output_dir='outputs', seed=42, use_amp=True, device='cuda', period=1, loss_name='contrastive', recall_k=[1, 5, 10], ndcg_k=[5], rand_augment=True, resize=224, apply_mask=False, view_count=None, save_best='loss', resume_training=False, checkpoint='outputs/deepCORO_CLIP/DeepCORO_Clip_Sweep_Learnable_Temp_Full_mvit_b12_f16_RAdam_lr0.0001_20250114-190320_2o5xoevj/checkpoints/latest.pt', tag='mvit_pretrained', name='dev_deep_coro_clip', project='dev_deep_coro_clip', entity='mhi_ai')
running main with gpu 0
Base config: BaseConfig(epochs=20, num_workers=16, debug=False, data_filename='data/reports/reports_sampled_300_study_ids.csv', root='.', target_label='Report', datapoint_loc_label='FileName', frames=16, stride=2, multi_video=True, num_videos=4, groupby_column='StudyInstanceUID', shuffle_videos=True, model_name='mvit', pretrained=True, output_dir='outputs', seed=42, use_amp=True, device='cuda', period=1, recall_k=[1, 5, 10], ndcg_k=[5], rand_augment=True, resize=224, apply_mask=False, view_count=None, save_best='loss', resume_training=False, checkpoint='outputs/deepCORO_CLIP/DeepCORO_Clip_Sweep_Learnable_Temp_Full_mvit_b12_f16_RAdam_lr0.0001_20250114-190320_2o5xoevj/checkpoints/latest.pt')
Sweep config: SweepConfig(batch_size=10, lr=0.0001, optimizer='RAdam', scheduler_type='step', lr_step_period=15, factor=0.3, weight_decay=1e-06, loss_name='contrastive', temperature=0.07, dropout=0.2, video_freeze_ratio=0.8, text_freeze_ratio=0.95, num_heads=2, aggregator_depth=2, tag='mvit_pretrained', name='dev_deep_coro_clip', project='dev_deep_coro_clip', entity='mhi_ai')
HeartWise config: HeartWiseConfig(lr=0.0001, batch_size=10, epochs=20, num_workers=16, debug=False, temperature=0.07, data_filename='data/reports/reports_sampled_300_study_ids.csv', root='.', target_label='Report', datapoint_loc_label='FileName', frames=16, stride=2, multi_video=True, num_videos=4, groupby_column='StudyInstanceUID', shuffle_videos=True, model_name='mvit', pretrained=True, video_freeze_ratio=0.8, text_freeze_ratio=0.95, dropout=0.2, num_heads=2, aggregator_depth=2, optimizer='RAdam', scheduler_type='step', lr_step_period=15, factor=0.3, weight_decay=1e-06, output_dir='outputs', seed=42, use_amp=True, device='cuda', period=1, loss_name='contrastive', recall_k=[1, 5, 10], ndcg_k=[5], rand_augment=True, resize=224, apply_mask=False, view_count=None, save_best='loss', resume_training=False, checkpoint='outputs/deepCORO_CLIP/DeepCORO_Clip_Sweep_Learnable_Temp_Full_mvit_b12_f16_RAdam_lr0.0001_20250114-190320_2o5xoevj/checkpoints/latest.pt', tag='mvit_pretrained', name='dev_deep_coro_clip', project='dev_deep_coro_clip', entity='mhi_ai')
running main with gpu 1
Base config: BaseConfig(epochs=20, num_workers=16, debug=False, data_filename='data/reports/reports_sampled_300_study_ids.csv', root='.', target_label='Report', datapoint_loc_label='FileName', frames=16, stride=2, multi_video=True, num_videos=4, groupby_column='StudyInstanceUID', shuffle_videos=True, model_name='mvit', pretrained=True, output_dir='outputs', seed=42, use_amp=True, device='cuda', period=1, recall_k=[1, 5, 10], ndcg_k=[5], rand_augment=True, resize=224, apply_mask=False, view_count=None, save_best='loss', resume_training=False, checkpoint='outputs/deepCORO_CLIP/DeepCORO_Clip_Sweep_Learnable_Temp_Full_mvit_b12_f16_RAdam_lr0.0001_20250114-190320_2o5xoevj/checkpoints/latest.pt')
Sweep config: SweepConfig(batch_size=10, lr=0.0001, optimizer='RAdam', scheduler_type='step', lr_step_period=15, factor=0.3, weight_decay=1e-06, loss_name='contrastive', temperature=0.07, dropout=0.2, video_freeze_ratio=0.8, text_freeze_ratio=0.95, num_heads=2, aggregator_depth=2, tag='mvit_pretrained', name='dev_deep_coro_clip', project='dev_deep_coro_clip', entity='mhi_ai')
HeartWise config: HeartWiseConfig(lr=0.0001, batch_size=10, epochs=20, num_workers=16, debug=False, temperature=0.07, data_filename='data/reports/reports_sampled_300_study_ids.csv', root='.', target_label='Report', datapoint_loc_label='FileName', frames=16, stride=2, multi_video=True, num_videos=4, groupby_column='StudyInstanceUID', shuffle_videos=True, model_name='mvit', pretrained=True, video_freeze_ratio=0.8, text_freeze_ratio=0.95, dropout=0.2, num_heads=2, aggregator_depth=2, optimizer='RAdam', scheduler_type='step', lr_step_period=15, factor=0.3, weight_decay=1e-06, output_dir='outputs', seed=42, use_amp=True, device='cuda', period=1, loss_name='contrastive', recall_k=[1, 5, 10], ndcg_k=[5], rand_augment=True, resize=224, apply_mask=False, view_count=None, save_best='loss', resume_training=False, checkpoint='outputs/deepCORO_CLIP/DeepCORO_Clip_Sweep_Learnable_Temp_Full_mvit_b12_f16_RAdam_lr0.0001_20250114-190320_2o5xoevj/checkpoints/latest.pt', tag='mvit_pretrained', name='dev_deep_coro_clip', project='dev_deep_coro_clip', entity='mhi_ai')
running main with gpu 2
("Config: {'lr': 0.0001, 'batch_size': 10, 'epochs': 20, 'num_workers': 16, "
 "'debug': False, 'temperature': 0.07, 'data_filename': "
 "'data/reports/reports_sampled_300_study_ids.csv', 'root': '.', "
 "'target_label': 'Report', 'datapoint_loc_label': 'FileName', 'frames': 16, "
 "'stride': 2, 'multi_video': True, 'num_videos': 4, 'groupby_column': "
 "'StudyInstanceUID', 'shuffle_videos': True, 'model_name': 'mvit', "
 "'pretrained': True, 'video_freeze_ratio': 0.8, 'text_freeze_ratio': 0.95, "
 "'dropout': 0.2, 'num_heads': 2, 'aggregator_depth': 2, 'optimizer': 'RAdam', "
 "'scheduler_type': 'step', 'lr_step_period': 15, 'factor': 0.3, "
 "'weight_decay': 1e-06, 'output_dir': 'outputs', 'seed': 42, 'use_amp': True, "
 "'device': 'cuda', 'period': 1, 'loss_name': 'contrastive', 'recall_k': [1, "
 "5, 10], 'ndcg_k': [5], 'rand_augment': True, 'resize': 224, 'apply_mask': "
 "False, 'view_count': None, 'save_best': 'loss', 'resume_training': False, "
 "'checkpoint': "
 "'outputs/deepCORO_CLIP/DeepCORO_Clip_Sweep_Learnable_Temp_Full_mvit_b12_f16_RAdam_lr0.0001_20250114-190320_2o5xoevj/checkpoints/latest.pt', "
 "'tag': 'mvit_pretrained', 'name': 'dev_deep_coro_clip', 'project': "
 "'dev_deep_coro_clip', 'entity': 'mhi_ai'}")
f0a85bca3128:26396:26396 [0] NCCL INFO Bootstrap : Using eth0:172.17.0.2<0>
f0a85bca3128:26396:26396 [0] NCCL INFO NET/Plugin: No plugin found (libnccl-net.so)
f0a85bca3128:26396:26396 [0] NCCL INFO NET/Plugin: Plugin load returned 2 : libnccl-net.so: cannot open shared object file: No such file or directory : when loading libnccl-net.so
f0a85bca3128:26396:26396 [0] NCCL INFO NET/Plugin: Using internal network plugin.
f0a85bca3128:26396:26396 [0] NCCL INFO cudaDriverVersion 12040
NCCL version 2.21.5+cuda12.4
f0a85bca3128:26398:26398 [2] NCCL INFO cudaDriverVersion 12040
f0a85bca3128:26398:26398 [2] NCCL INFO Bootstrap : Using eth0:172.17.0.2<0>
f0a85bca3128:26397:26397 [1] NCCL INFO cudaDriverVersion 12040
f0a85bca3128:26398:26398 [2] NCCL INFO NET/Plugin: No plugin found (libnccl-net.so)
f0a85bca3128:26398:26398 [2] NCCL INFO NET/Plugin: Plugin load returned 2 : libnccl-net.so: cannot open shared object file: No such file or directory : when loading libnccl-net.so
f0a85bca3128:26398:26398 [2] NCCL INFO NET/Plugin: Using internal network plugin.
f0a85bca3128:26397:26397 [1] NCCL INFO Bootstrap : Using eth0:172.17.0.2<0>
f0a85bca3128:26397:26397 [1] NCCL INFO NET/Plugin: No plugin found (libnccl-net.so)
f0a85bca3128:26397:26397 [1] NCCL INFO NET/Plugin: Plugin load returned 2 : libnccl-net.so: cannot open shared object file: No such file or directory : when loading libnccl-net.so
f0a85bca3128:26397:26397 [1] NCCL INFO NET/Plugin: Using internal network plugin.
f0a85bca3128:26396:26595 [0] NCCL INFO Failed to open libibverbs.so[.1]
f0a85bca3128:26396:26595 [0] NCCL INFO NET/Socket : Using [0]eth0:172.17.0.2<0>
f0a85bca3128:26396:26595 [0] NCCL INFO Using non-device net plugin version 0
f0a85bca3128:26396:26595 [0] NCCL INFO Using network Socket
f0a85bca3128:26398:26596 [2] NCCL INFO Failed to open libibverbs.so[.1]
f0a85bca3128:26398:26596 [2] NCCL INFO NET/Socket : Using [0]eth0:172.17.0.2<0>
f0a85bca3128:26398:26596 [2] NCCL INFO Using non-device net plugin version 0
f0a85bca3128:26398:26596 [2] NCCL INFO Using network Socket
f0a85bca3128:26397:26597 [1] NCCL INFO Failed to open libibverbs.so[.1]
f0a85bca3128:26397:26597 [1] NCCL INFO NET/Socket : Using [0]eth0:172.17.0.2<0>
f0a85bca3128:26397:26597 [1] NCCL INFO Using non-device net plugin version 0
f0a85bca3128:26397:26597 [1] NCCL INFO Using network Socket
f0a85bca3128:26397:26597 [1] NCCL INFO ncclCommInitRank comm 0x55b4cc1dc790 rank 1 nranks 3 cudaDev 1 nvmlDev 2 busId 81000 commId 0x1921f981ca35d8c1 - Init START
f0a85bca3128:26396:26595 [0] NCCL INFO ncclCommInitRank comm 0x557efe6b3ab0 rank 0 nranks 3 cudaDev 0 nvmlDev 1 busId 25000 commId 0x1921f981ca35d8c1 - Init START
f0a85bca3128:26398:26596 [2] NCCL INFO ncclCommInitRank comm 0x5602d04981f0 rank 2 nranks 3 cudaDev 2 nvmlDev 3 busId c1000 commId 0x1921f981ca35d8c1 - Init START
f0a85bca3128:26397:26597 [1] NCCL INFO Setting affinity for GPU 2 to ff000000,00000000,ff000000,00000000
f0a85bca3128:26397:26597 [1] NCCL INFO NVLS multicast support is not available on dev 1
f0a85bca3128:26396:26595 [0] NCCL INFO Setting affinity for GPU 1 to ff0000,00000000,00ff0000
f0a85bca3128:26398:26596 [2] NCCL INFO Setting affinity for GPU 3 to ff00,00000000,0000ff00,00000000
f0a85bca3128:26398:26596 [2] NCCL INFO NVLS multicast support is not available on dev 2
f0a85bca3128:26396:26595 [0] NCCL INFO NVLS multicast support is not available on dev 0
f0a85bca3128:26398:26596 [2] NCCL INFO comm 0x5602d04981f0 rank 2 nRanks 3 nNodes 1 localRanks 3 localRank 2 MNNVL 0
f0a85bca3128:26396:26595 [0] NCCL INFO comm 0x557efe6b3ab0 rank 0 nRanks 3 nNodes 1 localRanks 3 localRank 0 MNNVL 0
f0a85bca3128:26397:26597 [1] NCCL INFO comm 0x55b4cc1dc790 rank 1 nRanks 3 nNodes 1 localRanks 3 localRank 1 MNNVL 0
f0a85bca3128:26398:26596 [2] NCCL INFO Trees [0] -1/-1/-1->2->1 [1] -1/-1/-1->2->1
f0a85bca3128:26398:26596 [2] NCCL INFO P2P Chunksize set to 524288
f0a85bca3128:26397:26597 [1] NCCL INFO Trees [0] 2/-1/-1->1->0 [1] 2/-1/-1->1->0
f0a85bca3128:26397:26597 [1] NCCL INFO P2P Chunksize set to 524288
f0a85bca3128:26396:26595 [0] NCCL INFO Channel 00/02 :    0   1   2
f0a85bca3128:26396:26595 [0] NCCL INFO Channel 01/02 :    0   1   2
f0a85bca3128:26396:26595 [0] NCCL INFO Trees [0] 1/-1/-1->0->-1 [1] 1/-1/-1->0->-1
f0a85bca3128:26396:26595 [0] NCCL INFO P2P Chunksize set to 524288
f0a85bca3128:26396:26595 [0] NCCL INFO Channel 00/0 : 0[1] -> 1[2] via P2P/CUMEM
f0a85bca3128:26397:26597 [1] NCCL INFO Channel 00/0 : 1[2] -> 2[3] via P2P/CUMEM
f0a85bca3128:26396:26595 [0] NCCL INFO Channel 01/0 : 0[1] -> 1[2] via P2P/CUMEM
f0a85bca3128:26398:26596 [2] NCCL INFO Channel 00/0 : 2[3] -> 0[1] via P2P/CUMEM
f0a85bca3128:26397:26597 [1] NCCL INFO Channel 01/0 : 1[2] -> 2[3] via P2P/CUMEM
f0a85bca3128:26398:26596 [2] NCCL INFO Channel 01/0 : 2[3] -> 0[1] via P2P/CUMEM
f0a85bca3128:26397:26597 [1] NCCL INFO Connected all rings
f0a85bca3128:26398:26596 [2] NCCL INFO Connected all rings
f0a85bca3128:26398:26596 [2] NCCL INFO Channel 00/0 : 2[3] -> 1[2] via P2P/CUMEM
f0a85bca3128:26396:26595 [0] NCCL INFO Connected all rings
f0a85bca3128:26398:26596 [2] NCCL INFO Channel 01/0 : 2[3] -> 1[2] via P2P/CUMEM
f0a85bca3128:26397:26597 [1] NCCL INFO Channel 00/0 : 1[2] -> 0[1] via P2P/CUMEM
f0a85bca3128:26397:26597 [1] NCCL INFO Channel 01/0 : 1[2] -> 0[1] via P2P/CUMEM
f0a85bca3128:26396:26595 [0] NCCL INFO Connected all trees
f0a85bca3128:26396:26595 [0] NCCL INFO threadThresholds 8/8/64 | 24/8/64 | 512 | 512
f0a85bca3128:26396:26595 [0] NCCL INFO 2 coll channels, 2 collnet channels, 0 nvls channels, 2 p2p channels, 2 p2p channels per peer
f0a85bca3128:26398:26596 [2] NCCL INFO Connected all trees
f0a85bca3128:26398:26596 [2] NCCL INFO threadThresholds 8/8/64 | 24/8/64 | 512 | 512
f0a85bca3128:26398:26596 [2] NCCL INFO 2 coll channels, 2 collnet channels, 0 nvls channels, 2 p2p channels, 2 p2p channels per peer
f0a85bca3128:26397:26597 [1] NCCL INFO Connected all trees
f0a85bca3128:26397:26597 [1] NCCL INFO threadThresholds 8/8/64 | 24/8/64 | 512 | 512
f0a85bca3128:26397:26597 [1] NCCL INFO 2 coll channels, 2 collnet channels, 0 nvls channels, 2 p2p channels, 2 p2p channels per peer
f0a85bca3128:26398:26596 [2] NCCL INFO TUNER/Plugin: Plugin load returned 2 : libnccl-net.so: cannot open shared object file: No such file or directory : when loading libnccl-tuner.so
f0a85bca3128:26398:26596 [2] NCCL INFO TUNER/Plugin: Using internal tuner plugin.
f0a85bca3128:26398:26596 [2] NCCL INFO ncclCommInitRank comm 0x5602d04981f0 rank 2 nranks 3 cudaDev 2 nvmlDev 3 busId c1000 commId 0x1921f981ca35d8c1 - Init COMPLETE
f0a85bca3128:26396:26595 [0] NCCL INFO TUNER/Plugin: Plugin load returned 2 : libnccl-net.so: cannot open shared object file: No such file or directory : when loading libnccl-tuner.so
f0a85bca3128:26396:26595 [0] NCCL INFO TUNER/Plugin: Using internal tuner plugin.
f0a85bca3128:26397:26597 [1] NCCL INFO TUNER/Plugin: Plugin load returned 2 : libnccl-net.so: cannot open shared object file: No such file or directory : when loading libnccl-tuner.so
f0a85bca3128:26396:26595 [0] NCCL INFO ncclCommInitRank comm 0x557efe6b3ab0 rank 0 nranks 3 cudaDev 0 nvmlDev 1 busId 25000 commId 0x1921f981ca35d8c1 - Init COMPLETE
f0a85bca3128:26397:26597 [1] NCCL INFO TUNER/Plugin: Using internal tuner plugin.
f0a85bca3128:26397:26597 [1] NCCL INFO ncclCommInitRank comm 0x55b4cc1dc790 rank 1 nranks 3 cudaDev 1 nvmlDev 2 busId 81000 commId 0x1921f981ca35d8c1 - Init COMPLETE

=== Calculating Dataset Statistics ===
Frame count per video: 16

Dataset Statistics:
Mean: [114.5306625366211, 114.5306625366211, 114.5306625366211]
Std:  [36.459014892578125, 36.459014892578125, 36.459014892578125]
===========================

Rank: 1 - mean: tensor([114.5307, 114.5307, 114.5307]) - std: tensor([36.4590, 36.4590, 36.4590])
Rank: 0 - mean: tensor([114.5307, 114.5307, 114.5307]) - std: tensor([36.4590, 36.4590, 36.4590])[MultiVideoDataset] resize=224
[MultiVideoDataset] mean=[114.5306625366211, 114.5306625366211, 114.5306625366211]
[MultiVideoDataset] std=[36.459014892578125, 36.459014892578125, 36.459014892578125]
[MultiVideoDataset] shuffle_videos=True
[MultiVideoDataset] seed=42

[MultiVideoDataset] seed=42 for random video sampling
Rank: 2 - mean: tensor([114.5307, 114.5307, 114.5307]) - std: tensor([36.4590, 36.4590, 36.4590])
[MultiVideoDataset] resize=224[MultiVideoDataset] resize=224
[MultiVideoDataset] mean=[114.5306625366211, 114.5306625366211, 114.5306625366211]
[MultiVideoDataset] std=[36.459014892578125, 36.459014892578125, 36.459014892578125]

[MultiVideoDataset] shuffle_videos=True
[MultiVideoDataset] seed=42
[MultiVideoDataset] seed=42 for random video sampling
[MultiVideoDataset] mean=[114.5306625366211, 114.5306625366211, 114.5306625366211]
[MultiVideoDataset] std=[36.459014892578125, 36.459014892578125, 36.459014892578125]
[MultiVideoDataset] shuffle_videos=True
[MultiVideoDataset] seed=42
[MultiVideoDataset] seed=42 for random video sampling
[MultiVideoDataset] Found 273 studies in split='train'[MultiVideoDataset] Found 273 studies in split='train'
[MultiVideoDataset] Missing 0 studies in split='train'
[MultiVideoDataset] Found 273 studies in split='train'
[MultiVideoDataset] Missing 0 studies in split='train'

[MultiVideoDataset] Missing 0 studies in split='train'
[MultiVideoDataset] resize=224
[MultiVideoDataset] mean=[114.5306625366211, 114.5306625366211, 114.5306625366211]
[MultiVideoDataset] std=[36.459014892578125, 36.459014892578125, 36.459014892578125]
[MultiVideoDataset] shuffle_videos=True
[MultiVideoDataset] seed=42
[MultiVideoDataset] seed=42 for random video sampling
[MultiVideoDataset] resize=224
[MultiVideoDataset] mean=[114.5306625366211, 114.5306625366211, 114.5306625366211]
[MultiVideoDataset] std=[36.459014892578125, 36.459014892578125, 36.459014892578125]
[MultiVideoDataset] shuffle_videos=True
[MultiVideoDataset] seed=42
[MultiVideoDataset] seed=42 for random video sampling
[MultiVideoDataset] resize=224
[MultiVideoDataset] mean=[114.5306625366211, 114.5306625366211, 114.5306625366211]
[MultiVideoDataset] std=[36.459014892578125, 36.459014892578125, 36.459014892578125]
[MultiVideoDataset] shuffle_videos=True
[MultiVideoDataset] seed=42
[MultiVideoDataset] seed=42 for random video sampling
[MultiVideoDataset] Found 27 studies in split='val'
[MultiVideoDataset] Missing 0 studies in split='val'
[MultiVideoDataset] Found 27 studies in split='val'
[MultiVideoDataset] Missing 0 studies in split='val'
[MultiVideoDataset] Found 27 studies in split='val'
[MultiVideoDataset] Missing 0 studies in split='val'

=== Dataset Information ===
Training:   9 batches per GPU
Validation: 1 batches per GPU
Total:      10 batches per GPU

Batch Size: 10
Training: 90 videos per GPU
Validation: 10 videos per GPU
Total: 100 videos per GPU
===========================

Saved 27 val texts to outputs/dev_deep_coro_clip/mvit_pretrained_mvit_b10_f16_RAdam_lr0.0001_20250203-024201_tp41pcul/val_texts.csv
Warning: similarity matrix has only 9 candidates; adjusting Recall@10 to Recall@9.
Warning: similarity matrix has only 9 candidates; adjusting Recall@10 to Recall@9.
Warning: similarity matrix has only 9 candidates; adjusting Recall@10 to Recall@9.

New best model! Val Loss: 2.2155 (previous: inf)

Saved best checkpoint at epoch 1

Saved latest checkpoint at epoch 1
Warning: similarity matrix has only 9 candidates; adjusting Recall@10 to Recall@9.
Warning: similarity matrix has only 9 candidates; adjusting Recall@10 to Recall@9.
Warning: similarity matrix has only 9 candidates; adjusting Recall@10 to Recall@9.

New best model! Val Loss: 2.2093 (previous: 2.2155)

Saved best checkpoint at epoch 2

Saved latest checkpoint at epoch 2
Warning: similarity matrix has only 9 candidates; adjusting Recall@10 to Recall@9.
Warning: similarity matrix has only 9 candidates; adjusting Recall@10 to Recall@9.
Warning: similarity matrix has only 9 candidates; adjusting Recall@10 to Recall@9.

New best model! Val Loss: 2.2039 (previous: 2.2093)

Saved best checkpoint at epoch 3

Saved latest checkpoint at epoch 3
Warning: similarity matrix has only 9 candidates; adjusting Recall@10 to Recall@9.
Warning: similarity matrix has only 9 candidates; adjusting Recall@10 to Recall@9.
Warning: similarity matrix has only 9 candidates; adjusting Recall@10 to Recall@9.

New best model! Val Loss: 2.2023 (previous: 2.2039)

Saved best checkpoint at epoch 4

Saved latest checkpoint at epoch 4
Warning: similarity matrix has only 9 candidates; adjusting Recall@10 to Recall@9.
Warning: similarity matrix has only 9 candidates; adjusting Recall@10 to Recall@9.
Warning: similarity matrix has only 9 candidates; adjusting Recall@10 to Recall@9.

New best model! Val Loss: 2.2002 (previous: 2.2023)

Saved best checkpoint at epoch 5

Saved latest checkpoint at epoch 5
